2026-08-03 09:00:00 INFO User logged in
2026-08-03 09:00:09 INFO Request handled
2026-08-03 09:00:13 INFO User logged in
2026-08-03 09:00:32 INFO User logged in
2026-08-03 09:00:35 INFO User logged in
2026-08-03 09:00:53 INFO Health check passed
2026-08-03 09:01:01 INFO Cache hit
2026-08-03 09:01:02 INFO Request handled
2026-08-03 09:01:16 INFO Request handled
2026-08-03 09:01:23 WARN Retrying connection
2026-08-03 09:01:27 INFO User logged in
2026-08-03 09:01:39 INFO Cache hit
2026-08-03 09:01:41 INFO User logged in
2026-08-03 09:01:54 INFO Cache hit
2026-08-03 09:02:14 WARN Retrying connection
2026-08-03 09:02:33 INFO User logged in
2026-08-03 09:02:35 INFO Cache hit
2026-08-03 09:02:38 WARN Slow query detected
2026-08-03 09:02:51 INFO Cache hit
2026-08-03 09:02:57 INFO Request handled
2026-08-03 09:03:06 INFO User logged in
2026-08-03 09:03:26 INFO Request handled
2026-08-03 09:03:32 INFO Cache hit
2026-08-03 09:03:50 INFO Cache hit
2026-08-03 09:03:52 INFO User logged in
2026-08-03 09:04:03 INFO User logged in
2026-08-03 09:04:10 WARN Retrying connection
2026-08-03 09:04:17 INFO Health check passed
2026-08-03 09:04:32 INFO Request handled
2026-08-03 09:04:40 INFO Cache hit
2026-08-03 09:04:59 INFO Health check passed
2026-08-03 09:05:11 INFO Request handled
2026-08-03 09:05:28 INFO User logged in
2026-08-03 09:05:32 INFO Request handled
2026-08-03 09:05:46 INFO Health check passed
2026-08-03 09:05:59 INFO Health check passed
2026-08-03 09:06:16 INFO User logged in
2026-08-03 09:06:20 INFO Cache hit
2026-08-03 09:06:31 INFO Health check passed
2026-08-03 09:06:37 INFO Cache hit
2026-08-03 09:06:54 INFO User logged in
2026-08-03 09:07:04 INFO Request handled
2026-08-03 09:07:09 INFO Request handled
2026-08-03 09:07:27 WARN Slow query detected
2026-08-03 09:07:47 INFO User logged in
2026-08-03 09:07:51 WARN Retrying connection
2026-08-03 09:07:59 INFO User logged in
2026-08-03 09:08:02 INFO User logged in
2026-08-03 09:08:20 INFO Request handled
2026-08-03 09:08:36 WARN Slow query detected
2026-08-03 09:08:45 INFO Health check passed
2026-08-03 09:08:52 WARN Slow query detected
2026-08-03 09:09:02 INFO Cache hit
2026-08-03 09:09:17 WARN Retrying connection
2026-08-03 09:09:21 INFO User logged in
2026-08-03 09:09:32 INFO Request handled
2026-08-03 09:09:51 INFO User logged in
2026-08-03 09:09:53 INFO User logged in
2026-08-03 09:10:04 INFO Request handled
2026-08-03 09:10:13 INFO Request handled
2026-08-03 09:10:31 INFO Health check passed
2026-08-03 09:10:39 INFO Health check passed
2026-08-03 09:10:46 INFO Health check passed
2026-08-03 09:10:58 INFO Health check passed
2026-08-03 09:11:00 INFO User logged in
2026-08-03 09:11:02 INFO Cache hit
2026-08-03 09:11:06 INFO Request handled
2026-08-03 09:11:24 INFO Health check passed
2026-08-03 09:11:30 INFO Request handled
2026-08-03 09:11:33 INFO User logged in
2026-08-03 09:11:35 INFO User logged in
2026-08-03 09:11:38 WARN Slow query detected
2026-08-03 09:11:44 INFO Health check passed
2026-08-03 09:11:51 WARN Slow query detected
2026-08-03 09:11:57 INFO Health check passed
2026-08-03 09:12:06 WARN Retrying connection
2026-08-03 09:12:16 INFO Health check passed
2026-08-03 09:12:21 INFO Request handled
2026-08-03 09:12:23 INFO User logged in
2026-08-03 09:12:34 INFO Health check passed
2026-08-03 09:12:51 WARN Slow query detected
2026-08-03 09:12:53 WARN Slow query detected
2026-08-03 09:12:59 INFO User logged in
2026-08-03 09:13:07 INFO Request handled
2026-08-03 09:13:26 INFO User logged in
2026-08-03 09:13:40 INFO Cache hit
2026-08-03 09:13:49 INFO Cache hit
2026-08-03 09:13:57 INFO Request handled
2026-08-03 09:14:07 INFO User logged in
2026-08-03 09:14:08 INFO User logged in
2026-08-03 09:14:11 INFO Cache hit
2026-08-03 09:14:16 WARN Slow query detected
2026-08-03 09:14:24 INFO Request handled
2026-08-03 09:14:39 INFO Cache hit
2026-08-03 09:14:59 ERROR Database connection failed
2026-08-03 09:15:17 INFO User logged in
2026-08-03 09:15:22 INFO User logged in
2026-08-03 09:15:40 INFO Cache hit
2026-08-03 09:16:00 INFO Cache hit
2026-08-03 09:16:07 INFO Cache hit
2026-08-03 09:16:24 INFO User logged in
2026-08-03 09:16:27 INFO Cache hit
2026-08-03 09:16:29 INFO Request handled
2026-08-03 09:16:38 INFO Health check passed
2026-08-03 09:16:56 INFO User logged in
2026-08-03 09:17:00 INFO Request handled
2026-08-03 09:17:18 INFO Cache hit
2026-08-03 09:17:37 INFO Health check passed
2026-08-03 09:17:42 INFO Cache hit
2026-08-03 09:17:44 WARN Slow query detected
2026-08-03 09:17:52 INFO Cache hit
2026-08-03 09:18:10 WARN Retrying connection
2026-08-03 09:18:30 INFO Request handled
2026-08-03 09:18:36 ERROR Database connection failed
2026-08-03 09:18:50 INFO Cache hit
2026-08-03 09:19:04 INFO Request handled
2026-08-03 09:19:13 INFO User logged in
2026-08-03 09:19:26 WARN Retrying connection
2026-08-03 09:19:34 INFO Health check passed
2026-08-03 09:19:46 INFO Request handled
2026-08-03 09:19:54 INFO Request handled
2026-08-03 09:20:07 INFO User logged in
2026-08-03 09:20:16 INFO Health check passed
2026-08-03 09:20:34 INFO User logged in
2026-08-03 09:20:38 WARN Retrying connection
2026-08-03 09:20:44 INFO Cache hit
2026-08-03 09:20:46 INFO Health check passed
2026-08-03 09:20:58 INFO Cache hit
2026-08-03 09:21:12 INFO User logged in
2026-08-03 09:21:25 WARN Slow query detected
2026-08-03 09:21:34 INFO Health check passed
2026-08-03 09:21:35 INFO Request handled
2026-08-03 09:21:47 INFO Cache hit
2026-08-03 09:22:07 INFO User logged in
2026-08-03 09:22:17 INFO Health check passed
2026-08-03 09:22:28 INFO Cache hit
2026-08-03 09:22:46 INFO Health check passed
2026-08-03 09:22:59 INFO Request handled
2026-08-03 09:23:19 INFO Health check passed
2026-08-03 09:23:37 INFO Cache hit
2026-08-03 09:23:47 INFO Cache hit
2026-08-03 09:24:02 INFO Request handled
2026-08-03 09:24:19 INFO Request handled
2026-08-03 09:24:22 INFO Cache hit
2026-08-03 09:24:25 INFO Request handled
2026-08-03 09:24:35 INFO Request handled
2026-08-03 09:24:40 INFO Request handled
2026-08-03 09:24:56 INFO User logged in
2026-08-03 09:25:11 INFO Request handled
2026-08-03 09:25:24 INFO Request handled
2026-08-03 09:25:29 INFO User logged in
2026-08-03 09:25:33 INFO Request handled
2026-08-03 09:25:39 INFO Health check passed
2026-08-03 09:25:41 INFO User logged in
2026-08-03 09:25:56 INFO Health check passed
2026-08-03 09:26:13 ERROR Timeout contacting service
2026-08-03 09:26:28 INFO Health check passed
2026-08-03 09:26:46 INFO Request handled
2026-08-03 09:27:02 INFO Request handled
2026-08-03 09:27:11 INFO Health check passed
2026-08-03 09:27:19 INFO User logged in
2026-08-03 09:27:29 INFO Cache hit
2026-08-03 09:27:40 WARN Slow query detected
2026-08-03 09:27:45 INFO Health check passed
2026-08-03 09:27:50 INFO User logged in
2026-08-03 09:28:04 INFO Health check passed
2026-08-03 09:28:18 INFO Health check passed
2026-08-03 09:28:31 WARN Slow query detected
2026-08-03 09:28:50 INFO User logged in
2026-08-03 09:29:02 INFO Health check passed
2026-08-03 09:29:16 INFO Request handled
2026-08-03 09:29:32 INFO Health check passed
2026-08-03 09:29:48 INFO Cache hit
2026-08-03 09:30:01 INFO Health check passed
2026-08-03 09:30:06 ERROR Database connection failed
2026-08-03 09:30:19 INFO User logged in
2026-08-03 09:30:22 INFO Request handled
2026-08-03 09:30:37 INFO Cache hit
2026-08-03 09:30:50 INFO Health check passed
2026-08-03 09:31:01 INFO Health check passed
2026-08-03 09:31:10 INFO Health check passed
2026-08-03 09:31:19 INFO Health check passed
2026-08-03 09:31:20 INFO User logged in
2026-08-03 09:31:32 INFO User logged in
2026-08-03 09:31:34 INFO Request handled
2026-08-03 09:31:41 INFO Request handled
2026-08-03 09:31:49 INFO User logged in
2026-08-03 09:32:08 WARN Retrying connection
2026-08-03 09:32:17 INFO Request handled
2026-08-03 09:32:37 INFO User logged in
2026-08-03 09:32:43 WARN Slow query detected
2026-08-03 09:33:02 INFO Cache hit
2026-08-03 09:33:21 INFO Health check passed
2026-08-03 09:33:34 WARN Slow query detected
2026-08-03 09:33:37 INFO Request handled
2026-08-03 09:33:41 INFO Cache hit
2026-08-03 09:34:01 INFO User logged in
2026-08-03 09:34:13 INFO Cache hit
2026-08-03 09:34:16 INFO Cache hit
2026-08-03 09:34:17 INFO Health check passed
2026-08-03 09:34:21 INFO Cache hit
2026-08-03 09:34:36 INFO Health check passed
2026-08-03 09:34:42 INFO Cache hit
2026-08-03 09:35:02 INFO Health check passed
2026-08-03 09:35:17 INFO Cache hit
2026-08-03 09:35:28 WARN Slow query detected
2026-08-03 09:35:37 WARN Slow query detected
2026-08-03 09:35:52 INFO Health check passed
2026-08-03 09:36:03 INFO Cache hit
2026-08-03 09:36:09 INFO Cache hit
2026-08-03 09:36:18 INFO Cache hit
2026-08-03 09:36:36 INFO Request handled
2026-08-03 09:36:39 INFO Health check passed
2026-08-03 09:36:55 INFO Request handled
2026-08-03 09:37:11 INFO Health check passed
2026-08-03 09:37:26 INFO User logged in
2026-08-03 09:37:36 INFO Request handled
2026-08-03 09:37:46 INFO Cache hit
2026-08-03 09:38:02 INFO Cache hit
2026-08-03 09:38:16 ERROR Timeout contacting service
2026-08-03 09:38:28 INFO Cache hit
2026-08-03 09:38:38 INFO User logged in
2026-08-03 09:38:45 INFO Request handled
2026-08-03 09:38:52 INFO Health check passed
2026-08-03 09:39:01 INFO Cache hit
2026-08-03 09:39:05 INFO Cache hit
2026-08-03 09:39:13 INFO Cache hit
2026-08-03 09:39:14 INFO Request handled
2026-08-03 09:39:23 INFO User logged in
2026-08-03 09:39:41 INFO Request handled
2026-08-03 09:39:57 INFO User logged in
2026-08-03 09:40:16 INFO Health check passed
2026-08-03 09:40:31 INFO User logged in
2026-08-03 09:40:40 WARN Retrying connection
2026-08-03 09:40:44 INFO Health check passed
2026-08-03 09:41:00 INFO User logged in
2026-08-03 09:41:05 INFO Cache hit
2026-08-03 09:41:08 ERROR Database connection failed
2026-08-03 09:41:26 INFO Request handled
2026-08-03 09:41:43 INFO Health check passed
2026-08-03 09:41:53 WARN Retrying connection
2026-08-03 09:42:03 INFO User logged in
2026-08-03 09:42:23 WARN Slow query detected
2026-08-03 09:42:30 INFO Cache hit
2026-08-03 09:42:33 INFO Request handled
2026-08-03 09:42:51 INFO User logged in
2026-08-03 09:43:05 INFO Health check passed
2026-08-03 09:43:15 INFO Cache hit
2026-08-03 09:43:25 INFO Health check passed
2026-08-03 09:43:28 INFO Cache hit
2026-08-03 12:00:00 ERROR Database connection failed
2026-08-03 12:00:02 ERROR Database connection failed
2026-08-03 12:00:06 ERROR Database connection failed
2026-08-03 12:00:07 ERROR Database connection failed
2026-08-03 12:00:09 ERROR Database connection failed
2026-08-03 12:00:11 ERROR Database connection failed
2026-08-03 12:00:14 ERROR Database connection failed
2026-08-03 12:00:16 ERROR Database connection failed
2026-08-03 12:00:17 ERROR Database connection failed
2026-08-03 12:00:18 ERROR Database connection failed
2026-08-03 12:00:20 ERROR Database connection failed
2026-08-03 12:00:23 ERROR Database connection failed
2026-08-03 12:00:26 ERROR Database connection failed
2026-08-03 12:00:30 ERROR Database connection failed
2026-08-03 12:00:31 ERROR Database connection failed
2026-08-03 12:00:35 ERROR Database connection failed
2026-08-03 12:00:38 ERROR Database connection failed
2026-08-03 12:00:42 ERROR Database connection failed
2026-08-03 12:00:45 ERROR Database connection failed
2026-08-03 12:00:49 ERROR Database connection failed
2026-08-03 12:00:53 ERROR Database connection failed
2026-08-03 12:00:54 ERROR Database connection failed
2026-08-03 12:00:55 ERROR Database connection failed
2026-08-03 12:00:59 ERROR Database connection failed
2026-08-03 12:01:02 ERROR Database connection failed
2026-08-03 12:01:05 ERROR Database connection failed
2026-08-03 12:01:06 ERROR Database connection failed
2026-08-03 12:01:07 ERROR Database connection failed
2026-08-03 12:01:09 ERROR Database connection failed
2026-08-03 12:01:10 ERROR Database connection failed
2026-08-03 12:01:13 ERROR Database connection failed
2026-08-03 12:01:14 ERROR Database connection failed
2026-08-03 12:01:16 ERROR Database connection failed
2026-08-03 12:01:20 ERROR Database connection failed
2026-08-03 12:01:24 ERROR Database connection failed
2026-08-03 12:01:27 ERROR Database connection failed
2026-08-03 12:01:29 ERROR Database connection failed
2026-08-03 12:01:33 ERROR Database connection failed
2026-08-03 12:01:37 ERROR Database connection failed
2026-08-03 12:01:38 ERROR Database connection failed
2026-08-03 12:01:42 ERROR Database connection failed
2026-08-03 12:01:45 ERROR Database connection failed
2026-08-03 12:01:49 ERROR Database connection failed
2026-08-03 12:01:52 ERROR Database connection failed
2026-08-03 12:01:55 ERROR Database connection failed
2026-08-03 12:01:56 ERROR Database connection failed
2026-08-03 12:01:58 ERROR Database connection failed
2026-08-03 12:02:01 ERROR Database connection failed
2026-08-03 12:02:05 ERROR Database connection failed
2026-08-03 12:02:09 ERROR Database connection failed
2026-08-03 12:02:12 ERROR Database connection failed
2026-08-03 12:02:16 ERROR Database connection failed
2026-08-03 12:02:17 ERROR Database connection failed
2026-08-03 12:02:21 ERROR Database connection failed
2026-08-03 12:02:22 ERROR Database connection failed
2026-08-03 12:02:25 ERROR Database connection failed
2026-08-03 12:02:28 ERROR Database connection failed
2026-08-03 12:02:31 ERROR Database connection failed
2026-08-03 12:02:32 ERROR Database connection failed
2026-08-03 12:02:36 ERROR Database connection failed
2026-08-03 13:00:00 INFO Health check passed
2026-08-03 13:00:14 INFO Cache hit
2026-08-03 13:00:34 INFO Health check passed
2026-08-03 13:00:36 INFO Request handled
2026-08-03 13:00:46 INFO Health check passed
2026-08-03 13:00:50 INFO Request handled
2026-08-03 13:00:56 INFO User logged in
2026-08-03 13:01:14 INFO Request handled
2026-08-03 13:01:18 INFO User logged in
2026-08-03 13:01:23 INFO Cache hit
2026-08-03 13:01:40 INFO Health check passed
2026-08-03 13:01:56 ERROR Database connection failed
2026-08-03 13:02:11 INFO Health check passed
2026-08-03 13:02:18 WARN Slow query detected
2026-08-03 13:02:21 INFO Health check passed
2026-08-03 13:02:32 WARN Retrying connection
2026-08-03 13:02:33 INFO Cache hit
2026-08-03 13:02:52 INFO Health check passed
2026-08-03 13:02:57 INFO Health check passed
2026-08-03 13:03:09 INFO Health check passed
2026-08-03 13:03:24 WARN Slow query detected
2026-08-03 13:03:32 INFO Request handled
2026-08-03 13:03:46 INFO Health check passed
2026-08-03 13:03:59 INFO Request handled
2026-08-03 13:04:15 WARN Slow query detected
2026-08-03 13:04:32 WARN Retrying connection
2026-08-03 13:04:36 WARN Retrying connection
2026-08-03 13:04:40 INFO Health check passed
2026-08-03 13:04:41 INFO Health check passed
2026-08-03 13:04:46 INFO Cache hit
2026-08-03 13:04:57 INFO Health check passed
2026-08-03 13:05:00 WARN Retrying connection
2026-08-03 13:05:11 INFO Health check passed
2026-08-03 13:05:29 INFO User logged in
2026-08-03 13:05:37 INFO Cache hit
2026-08-03 13:05:45 INFO Health check passed
2026-08-03 13:05:49 INFO User logged in
2026-08-03 13:06:04 INFO Cache hit
2026-08-03 13:06:05 INFO User logged in
2026-08-03 13:06:15 INFO Health check passed
2026-08-03 13:06:20 INFO Health check passed
2026-08-03 13:06:39 INFO Request handled
2026-08-03 13:06:45 INFO Health check passed
2026-08-03 13:07:05 INFO Health check passed
2026-08-03 13:07:24 INFO Health check passed
2026-08-03 13:07:33 INFO User logged in
2026-08-03 13:07:48 WARN Slow query detected
2026-08-03 13:07:51 INFO Cache hit
2026-08-03 13:08:10 INFO Health check passed
2026-08-03 13:08:19 INFO Cache hit
2026-08-03 13:08:26 ERROR Timeout contacting service
2026-08-03 13:08:30 INFO Cache hit
2026-08-03 13:08:49 INFO Cache hit
2026-08-03 13:08:50 ERROR Timeout contacting service
2026-08-03 13:08:59 INFO User logged in
2026-08-03 13:09:19 INFO Cache hit
2026-08-03 13:09:27 INFO Cache hit
2026-08-03 13:09:35 INFO Cache hit
2026-08-03 13:09:40 INFO User logged in
2026-08-03 13:09:50 INFO User logged in
2026-08-03 13:10:09 INFO Request handled
2026-08-03 13:10:12 WARN Retrying connection
2026-08-03 13:10:26 INFO Request handled
2026-08-03 13:10:44 WARN Retrying connection
2026-08-03 13:11:01 INFO Cache hit
2026-08-03 13:11:07 INFO Health check passed
2026-08-03 13:11:17 INFO Cache hit
2026-08-03 13:11:21 INFO User logged in
2026-08-03 13:11:26 INFO Request handled
2026-08-03 13:11:39 WARN Retrying connection
2026-08-03 13:11:42 INFO User logged in
2026-08-03 13:11:51 INFO Health check passed
2026-08-03 13:12:03 INFO Cache hit
2026-08-03 13:12:22 INFO Cache hit
2026-08-03 13:12:26 INFO Health check passed
2026-08-03 13:12:27 INFO Cache hit
2026-08-03 13:12:47 INFO User logged in
2026-08-03 13:13:02 WARN Retrying connection
2026-08-03 13:13:16 INFO User logged in
2026-08-03 13:13:18 INFO Health check passed
2026-08-03 13:13:22 INFO Request handled
2026-08-03 13:13:35 INFO Health check passed
2026-08-03 13:13:54 INFO Request handled
2026-08-03 13:14:08 INFO Health check passed
2026-08-03 13:14:28 INFO Cache hit
2026-08-03 13:14:30 INFO Request handled
2026-08-03 13:14:45 INFO Request handled
2026-08-03 13:14:57 INFO Cache hit
2026-08-03 13:15:15 WARN Retrying connection
2026-08-03 13:15:17 INFO Request handled
2026-08-03 13:15:21 WARN Retrying connection
2026-08-03 13:15:24 INFO User logged in
2026-08-03 13:15:26 INFO Request handled
2026-08-03 13:15:31 INFO Request handled
2026-08-03 13:15:34 INFO Request handled
2026-08-03 13:15:53 INFO Request handled
2026-08-03 13:16:04 INFO User logged in
2026-08-03 13:16:13 WARN Slow query detected
2026-08-03 13:16:18 INFO Request handled
2026-08-03 13:16:22 INFO User logged in
2026-08-03 13:16:27 INFO Request handled
2026-08-03 13:16:46 INFO Request handled
2026-08-03 13:16:55 INFO Health check passed
2026-08-03 13:17:12 INFO User logged in
2026-08-03 13:17:28 INFO Cache hit
2026-08-03 13:17:45 INFO Health check passed
2026-08-03 13:18:02 INFO User logged in
2026-08-03 13:18:19 INFO User logged in
2026-08-03 13:18:21 ERROR Timeout contacting service
2026-08-03 13:18:35 INFO Health check passed
2026-08-03 13:18:50 INFO User logged in
2026-08-03 13:19:01 INFO User logged in
2026-08-03 13:19:06 INFO Cache hit
2026-08-03 13:19:19 ERROR Timeout contacting service
2026-08-03 13:19:34 INFO Health check passed
2026-08-03 13:19:38 INFO User logged in
2026-08-03 13:19:56 INFO Request handled
2026-08-03 13:20:10 INFO Request handled
2026-08-03 13:20:24 INFO Health check passed
2026-08-03 13:20:37 INFO User logged in
2026-08-03 13:20:48 INFO Cache hit
2026-08-03 13:21:00 WARN Retrying connection
2026-08-03 13:21:03 INFO User logged in
2026-08-03 13:21:06 INFO Cache hit
2026-08-03 13:21:11 INFO Cache hit
2026-08-03 13:21:15 INFO Health check passed
2026-08-03 13:21:17 WARN Retrying connection
2026-08-03 13:21:29 INFO Request handled
2026-08-03 13:21:34 INFO Request handled
2026-08-03 13:21:38 INFO Cache hit
2026-08-03 13:21:42 INFO Request handled
2026-08-03 13:21:56 INFO User logged in
2026-08-03 13:22:16 WARN Retrying connection
2026-08-03 13:22:17 INFO Cache hit
2026-08-03 13:22:28 INFO Request handled
2026-08-03 13:22:33 INFO Health check passed
2026-08-03 13:22:36 INFO User logged in
2026-08-03 13:22:39 INFO Request handled
2026-08-03 13:22:52 INFO Cache hit
2026-08-03 13:22:58 INFO Cache hit
2026-08-03 13:23:17 INFO User logged in
2026-08-03 13:23:22 INFO User logged in
2026-08-03 13:23:25 INFO Health check passed
2026-08-03 13:23:41 INFO Health check passed
2026-08-03 13:23:50 INFO User logged in
2026-08-03 13:24:02 INFO Cache hit
2026-08-03 13:24:21 INFO Cache hit
2026-08-03 13:24:23 INFO User logged in
2026-08-03 13:24:24 INFO Request handled
2026-08-03 13:24:29 INFO Cache hit
2026-08-03 13:24:40 INFO Health check passed
2026-08-03 13:24:54 INFO Health check passed
2026-08-03 13:25:12 INFO Cache hit
2026-08-03 13:25:15 INFO User logged in
2026-08-03 13:25:29 INFO User logged in
2026-08-03 13:25:40 INFO Health check passed
2026-08-03 13:25:54 INFO Health check passed
2026-08-03 13:25:55 WARN Slow query detected
2026-08-03 13:26:15 INFO Cache hit
2026-08-03 13:26:18 INFO User logged in
2026-08-03 13:26:26 INFO Health check passed
2026-08-03 13:26:43 INFO Cache hit
2026-08-03 13:26:54 INFO Request handled
2026-08-03 13:26:57 INFO User logged in
2026-08-03 13:27:14 INFO Cache hit
2026-08-03 13:27:26 INFO Request handled
2026-08-03 13:27:34 INFO Cache hit
2026-08-03 13:27:41 INFO Request handled
2026-08-03 13:27:44 INFO Health check passed
2026-08-03 13:27:59 INFO Health check passed
2026-08-03 13:28:18 INFO Cache hit
2026-08-03 13:28:29 INFO User logged in
2026-08-03 13:28:45 INFO Cache hit
2026-08-03 13:28:54 INFO Cache hit
2026-08-03 13:29:11 INFO Health check passed
2026-08-03 13:29:26 INFO Cache hit
2026-08-03 13:29:36 INFO User logged in
2026-08-03 13:29:56 INFO Health check passed
2026-08-03 13:30:11 INFO User logged in
2026-08-03 13:30:26 WARN Slow query detected
2026-08-03 13:30:37 INFO Request handled
2026-08-03 13:30:39 INFO Cache hit
2026-08-03 13:30:42 INFO Request handled
2026-08-03 13:30:44 INFO Health check passed
2026-08-03 13:30:59 INFO Request handled
2026-08-03 13:31:11 INFO Cache hit
2026-08-03 13:31:24 INFO Cache hit
2026-08-03 13:31:44 INFO Cache hit
2026-08-03 13:31:47 INFO Health check passed
2026-08-03 13:31:57 INFO Request handled
2026-08-03 13:32:08 INFO Request handled
2026-08-03 13:32:20 INFO Health check passed
2026-08-03 13:32:25 INFO User logged in
2026-08-03 13:32:35 INFO Cache hit
2026-08-03 13:32:40 INFO User logged in
2026-08-03 13:32:54 INFO User logged in
2026-08-03 13:33:06 INFO Request handled
2026-08-03 13:33:17 WARN Retrying connection
2026-08-03 13:33:24 INFO Request handled
2026-08-03 13:33:29 INFO User logged in
2026-08-03 13:33:46 INFO User logged in
2026-08-03 13:33:57 WARN Slow query detected
2026-08-03 13:34:17 INFO Request handled
2026-08-03 13:34:23 INFO Request handled
2026-08-03 13:34:38 INFO Cache hit
2026-08-03 13:34:46 WARN Retrying connection
2026-08-03 13:35:01 INFO Request handled
2026-08-03 13:35:11 WARN Retrying connection
2026-08-03 13:35:18 INFO Health check passed
2026-08-03 13:35:33 INFO Health check passed
2026-08-03 13:35:50 INFO Request handled
2026-08-03 13:35:57 INFO Request handled
2026-08-03 13:36:06 INFO Health check passed
2026-08-03 13:36:18 INFO User logged in
2026-08-03 13:36:35 WARN Retrying connection
2026-08-03 13:36:38 INFO Cache hit
2026-08-03 13:36:53 WARN Slow query detected
2026-08-03 13:37:07 INFO Request handled
2026-08-03 13:37:22 WARN Slow query detected
2026-08-03 13:37:36 INFO Cache hit
2026-08-03 13:37:44 INFO User logged in
2026-08-03 13:37:56 INFO Cache hit
2026-08-03 13:38:00 INFO Cache hit
2026-08-03 13:38:05 INFO Cache hit
2026-08-03 13:38:21 INFO Request handled
2026-08-03 13:38:37 INFO User logged in
2026-08-03 13:38:40 INFO Request handled
2026-08-03 13:38:45 INFO Health check passed
2026-08-03 13:38:49 INFO Request handled
2026-08-03 13:38:59 INFO Request handled
2026-08-03 13:39:13 INFO Health check passed
2026-08-03 13:39:16 INFO Health check passed
2026-08-03 13:39:36 INFO Request handled
2026-08-03 13:39:41 INFO User logged in
2026-08-03 13:40:01 INFO Health check passed
2026-08-03 13:40:07 INFO User logged in
2026-08-03 13:40:24 ERROR Database connection failed
2026-08-03 13:40:41 INFO User logged in
2026-08-03 13:40:54 WARN Slow query detected
2026-08-03 13:41:07 ERROR Timeout contacting service
2026-08-03 13:41:08 INFO User logged in
2026-08-03 13:41:20 INFO User logged in
2026-08-03 13:41:39 INFO Cache hit
2026-08-03 13:41:44 INFO Cache hit
2026-08-03 13:41:50 INFO Health check passed
2026-08-03 13:42:06 INFO Request handled
2026-08-03 13:42:09 INFO Health check passed
2026-08-03 13:42:11 INFO User logged in
2026-08-03 13:42:18 WARN Retrying connection
2026-08-03 13:42:28 INFO Health check passed
